
> app@1.0.0 dev
> vite


  VITE v8.0.13  ready in 296 ms

  ➜  Local:   http://localhost:5173/
  ➜  Network: use --host to expose
8:20:20 AM [vite] (client) hmr update /tools/pinyin-typography-lab/App.jsx
8:23:40 AM [vite] (client) hmr update /tools/pinyin-typography-lab/App.jsx
8:24:05 AM [vite] (client) hmr update /tools/pinyin-typography-lab/App.jsx
8:24:42 AM [vite] (client) hmr update /tools/pinyin-typography-lab/App.jsx
8:24:53 AM [vite] (client) hmr update /tools/pinyin-typography-lab/App.jsx
8:25:19 AM [vite] (client) hmr update /tools/pinyin-typography-lab/App.jsx
8:25:54 AM [vite] (client) hmr update /tools/pinyin-typography-lab/App.jsx
8:26:35 AM [vite] (client) hmr update /tools/pinyin-typography-lab/App.jsx
8:27:16 AM [vite] (client) hmr update /tools/pinyin-typography-lab/App.jsx
8:28:08 AM [vite] (client) hmr update /tools/pinyin-typography-lab/App.jsx
8:29:16 AM [vite] (client) hmr update /tools/pinyin-typography-lab/App.jsx
8:29:58 AM [vite] (client) hmr update /tools/pinyin-typography-lab/App.jsx
8:30:56 AM [vite] (client) hmr update /tools/pinyin-typography-lab/App.jsx
8:31:44 AM [vite] (client) hmr update /tools/pinyin-typography-lab/App.jsx
8:32:45 AM [vite] (client) hmr update /tools/pinyin-typography-lab/App.jsx
8:33:31 AM [vite] (client) hmr update /tools/pinyin-typography-lab/App.jsx
8:34:21 AM [vite] (client) hmr update /tools/pinyin-typography-lab/App.jsx
8:35:10 AM [vite] (client) hmr update /tools/pinyin-typography-lab/App.jsx
8:36:15 AM [vite] (client) hmr update /tools/pinyin-typography-lab/App.jsx
